Microchip MPLAB XC8 Compiler V2.32

Linker command line:

-W-3 --edf=C:\Program Files\Microchip\xc8\v2.32\pic\dat\en_msgs.txt -cn \
  -h+dist/default/production\LeonardoBagio.X.production.sym \
  --cmf=dist/default/production\LeonardoBagio.X.production.cmf -z -Q16F877A \
  -oC:\Users\leoba\AppData\Local\Temp\xcAs2ug.4 --defsym=__MPLAB_BUILD=1 \
  -Mdist/default/production/LeonardoBagio.X.production.map -E1 \
  -ver=XC8 Compiler --acfsm=1493 -ASTACK=0110h-016Fh -pstack=STACK \
  -ACODE=00h-07FFhx4 -ASTRCODE=00h-01FFFh -ASTRING=00h-0FFhx32 \
  -ACONST=00h-0FFhx32 -AENTRY=00h-0FFhx32 -ACOMMON=070h-07Fh \
  -ABANK0=020h-06Fh -ABANK1=0A0h-0EFh -ABANK2=0110h-016Fh \
  -ABANK3=0190h-01EFh -ARAM=020h-06Fh,0A0h-0EFh,0110h-016Fh,0190h-01EFh \
  -AABS1=020h-07Fh,0A0h-0EFh,0110h-016Fh,0190h-01EFh -ASFR0=00h-01Fh \
  -ASFR1=080h-09Fh -ASFR2=0100h-010Fh -ASFR3=0180h-018Fh \
  -ACONFIG=02007h-02007h -DCONFIG=2 -AIDLOC=02000h-02003h -DIDLOC=2 \
  -AEEDATA=00h-0FFh/02100h -peeprom_data=EEDATA -DEEDATA=2 -DCODE=2 \
  -DSTRCODE=2 -DSTRING=2 -DCONST=2 -DENTRY=2 \
  -preset_vec=00h,intentry,init,end_init -ppowerup=CODE -pcinit=CODE \
  -pfunctab=ENTRY -k C:\Users\leoba\AppData\Local\Temp\xcAs2ug.o \
  dist/default/production\LeonardoBagio.X.production.o 

Object code version is 3.11

Machine type is 16F877A



                Name                               Link     Load   Length Selector   Space Scale
C:\Users\leoba\AppData\Local\Temp\xcAs2ug.o
                end_init                              0        0        3        0       0
                config                             2007     2007        1        0       4
dist/default/production\LeonardoBagio.X.production.o
                cinit                               7F2      7F2        E      FE4       0
                config                             2007     2007        1        0       4
                text22                             16C6     16C6        9     2D8C       0
                text21                             175B     175B       34     2EB6       0
                text20                              943      943       9D     1286       0
                text19                             178F     178F       37     2F1E       0
                text18                               1C       1C      1DD       38       0
                text17                             1734     1734       27     2E68       0
                text16                              491      491      361      922       0
                text15                              8C7      8C7       7C     118E       0
                text14                              A84      A84       BC     1508       0
                text13                              B40      B40       C8     1680       0
                text12                               13       13        9       26       0
                text11                              C08      C08       C8     1810       0
                text10                              807      807        B     100E       0
                text9                               9E0      9E0       A4     13C0       0
                text8                               1F9      1F9      298      3F2       0
                text7                              16EB     16EB       24     2DD6       0
                text6                              170F     170F       25     2E1E       0
                text5                               812      812       44     1024       0
                text4                              17C6     17C6       3A     2F8C       0
                text3                               CD0      CD0       FE     19A0       0
                text2                               856      856       71     10AC       0
                text1                              16CF     16CF       1C     2D9E       0
                maintext                            DCE      DCE      232     1B9C       0
                cstackBANK0                          20       20       50       20       1
                cstackCOMMON                         70       70        E       70       1
                cstackBANK1                          A0       A0       16       A0       1
                bssBANK1                             B6       B6        8       A0       1
                nvBANK1                              BE       BE        4       A0       1
                strings                               3        3       10        6       0

TOTAL           Name                               Link     Load   Length     Space
        CLASS   STACK          

        CLASS   CODE           
                end_init                              0        0        3         0
                cinit                               7F2      7F2        E         0
                text22                             16C6     16C6        9         0
                text21                             175B     175B       34         0
                text20                              943      943       9D         0
                text19                             178F     178F       37         0
                text18                               1C       1C      1DD         0
                text17                             1734     1734       27         0
                text16                              491      491      361         0
                text15                              8C7      8C7       7C         0
                text14                              A84      A84       BC         0
                text13                              B40      B40       C8         0
                text12                               13       13        9         0
                text11                              C08      C08       C8         0
                text10                              807      807        B         0
                text9                               9E0      9E0       A4         0
                text8                               1F9      1F9      298         0
                text7                              16EB     16EB       24         0
                text6                              170F     170F       25         0
                text5                               812      812       44         0
                text4                              17C6     17C6       3A         0
                text3                               CD0      CD0       FE         0
                text2                               856      856       71         0
                text1                              16CF     16CF       1C         0
                maintext                            DCE      DCE      232         0

        CLASS   STRCODE        

        CLASS   STRING         
                strings                               3        3       10         0

        CLASS   CONST          

        CLASS   ENTRY          

        CLASS   COMMON         
                cstackCOMMON                         70       70        E         1

        CLASS   BANK0          
                cstackBANK0                          20       20       50         1

        CLASS   BANK1          
                cstackBANK1                          A0       A0       16         1
                bssBANK1                             B6       B6        8         1
                nvBANK1                              BE       BE        4         1

        CLASS   BANK2          

        CLASS   BANK3          

        CLASS   RAM            

        CLASS   ABS1           
                abs_s1                               7E       7E        2         1

        CLASS   SFR0           

        CLASS   SFR1           

        CLASS   SFR2           

        CLASS   SFR3           

        CLASS   CONFIG         
                config                             2007     2007        1         4

        CLASS   IDLOC          

        CLASS   EEDATA         



SEGMENTS        Name                           Load    Length   Top    Selector   Space  Class     Delta

                reset_vec                      000000  000003  000003         0       0  CODE        2
                strings                        000003  000010  000013         6       0  STRING      2
                cstackBANK0                    000020  000050  000070        20       1  BANK0       1
                text12                         000013  000009  00001C        26       0  CODE        2
                text18                         00001C  0001DD  0001F9        38       0  CODE        2
                cstackCOMMON                   000070  00000E  00007E        70       1  COMMON      1
                cstackBANK1                    0000A0  000022  0000C2        A0       1  BANK1       1
                text8                          0001F9  000298  000491       3F2       0  CODE        2
                text16                         000491  000361  0007F2       922       0  CODE        2
                cinit                          0007F2  00000E  000800       FE4       0  CODE        2
                text10                         000807  00000B  000812      100E       0  CODE        2
                text5                          000812  000044  000856      1024       0  CODE        2
                text2                          000856  000071  0008C7      10AC       0  CODE        2
                text15                         0008C7  00007C  000943      118E       0  CODE        2
                text20                         000943  00009D  0009E0      1286       0  CODE        2
                text9                          0009E0  0000A4  000A84      13C0       0  CODE        2
                text14                         000A84  0000BC  000B40      1508       0  CODE        2
                text13                         000B40  0000C8  000C08      1680       0  CODE        2
                text11                         000C08  0000C8  000CD0      1810       0  CODE        2
                text3                          000CD0  0000FE  000DCE      19A0       0  CODE        2
                maintext                       000DCE  000232  001000      1B9C       0  CODE        2
                text22                         0016C6  000009  0016CF      2D8C       0  CODE        2
                text1                          0016CF  00001C  0016EB      2D9E       0  CODE        2
                text7                          0016EB  000024  00170F      2DD6       0  CODE        2
                text6                          00170F  000025  001734      2E1E       0  CODE        2
                text17                         001734  000027  00175B      2E68       0  CODE        2
                text21                         00175B  000034  00178F      2EB6       0  CODE        2
                text19                         00178F  000037  0017C6      2F1E       0  CODE        2
                text4                          0017C6  00003A  001800      2F8C       0  CODE        2


UNUSED ADDRESS RANGES

        Name                Unused          Largest block    Delta
        BANK1            00C2-00EF             2E           1
        BANK2            0110-016F             60           1
        BANK3            0190-01EF             60           1
        CODE             0800-0806              7           2
                         1000-16C5            6C6
                         1800-1FFF            800
        CONST            0800-0806              7           2
                         1000-16C5            100
                         1800-1FFF            100
        EEDATA           2100-21FF            100           2
        ENTRY            0800-0806              7           2
                         1000-16C5            100
                         1800-1FFF            100
        IDLOC            2000-2003              4           2
        RAM              00C2-00EF             2E           1
                         0110-016F             60
                         0190-01EF             60
        SFR0             0000-001F             20           1
        SFR1             0080-009F             20           1
        SFR2             0100-010F             10           1
        SFR3             0180-018F             10           1
        STACK            0110-016F             60           1
        STRCODE          0800-0806              7           2
                         1000-16C5            6C6
                         1800-1FFF            800
        STRING           0800-0806              7           2
                         1000-16C5            100
                         1800-1FFF            100

                                  Symbol Table

?_ADC_Read                     cstackCOMMON 0070
?__Umul8_16                    cstackCOMMON 0070
?___aldiv                      cstackCOMMON 0070
?___fladd                      cstackCOMMON 0070
?___fldiv                      cstackBANK0  003C
?___flmul                      cstackBANK0  0056
?___flsub                      cstackBANK0  0028
?___fltol                      cstackBANK0  0026
?___lwdiv                      cstackCOMMON 0076
?___lwmod                      cstackCOMMON 0070
?___wmul                       cstackCOMMON 0075
?___xxtofl                     cstackBANK0  002E
?_controlarSetPoint            cstackCOMMON 0070
?_controleMaximoMinimo         cstackBANK0  002C
ADC_Read@channel               cstackCOMMON 0074
PWM1_Duty@duty                 cstackBANK1  00A0
PWM1_Duty@freq                 cstackBANK1  00A2
PWM2_Duty@duty                 cstackBANK1  00A0
PWM2_Duty@freq                 cstackBANK1  00A2
PWM_Init@freq                  cstackBANK0  0026
_ADCON0                        (abs)        001F
_ADCON1                        (abs)        009F
_ADC_Init                      text22       16C6
_ADC_Read                      text21       175B
_ADRESH                        (abs)        001E
_ADRESL                        (abs)        009E
_CCP1M2                        (abs)        00BA
_CCP1M3                        (abs)        00BB
_CCP1X                         (abs)        00BD
_CCP1Y                         (abs)        00BC
_CCP2M2                        (abs)        00EA
_CCP2M3                        (abs)        00EB
_CCP2X                         (abs)        00ED
_CCP2Y                         (abs)        00EC
_CCPR1L                        (abs)        0015
_CCPR2L                        (abs)        001B
_GO_nDONE                      (abs)        00FA
_PORTD                         (abs)        0008
_PR2                           (abs)        0092
_PWM1_Duty                     text13       0B40
_PWM1_Start                    text12       0013
_PWM2_Duty                     text11       0C08
_PWM2_Start                    text10       0807
_PWM_Init                      text19       178F
_RB0                           (abs)        0030
_RB1                           (abs)        0031
_RB2                           (abs)        0032
_RB3                           (abs)        0033
_RB4                           (abs)        0034
_RB5                           (abs)        0035
_RB6                           (abs)        0036
_RB7                           (abs)        0037
_T2CKPS0                       (abs)        0090
_T2CKPS1                       (abs)        0091
_TMR2ON                        (abs)        0092
_TRISA                         (abs)        0085
_TRISB                         (abs)        0086
_TRISC                         (abs)        0087
_TRISC1                        (abs)        0439
_TRISC2                        (abs)        043A
_TRISD                         (abs)        0088
_TRISE                         (abs)        0089
__Habs1                        abs1         0000
__Hbank0                       bank0        0000
__Hbank1                       bank1        0000
__Hbank2                       bank2        0000
__Hbank3                       bank3        0000
__HbssBANK1                    bssBANK1     0000
__Hcinit                       cinit        0800
__Hclrtext                     clrtext      0000
__Hcode                        code         0000
__Hcommon                      common       0000
__Hconfig                      config       2008
__HcstackBANK0                 cstackBANK0  0000
__HcstackBANK1                 cstackBANK1  0000
__HcstackCOMMON                cstackCOMMON 0000
__Heeprom_data                 eeprom_data  0000
__Hend_init                    end_init     0003
__Hfunctab                     functab      0000
__Hinit                        init         0000
__Hintentry                    intentry     0000
__Hmaintext                    maintext     0000
__HnvBANK1                     nvBANK1      0000
__Hpowerup                     powerup      0000
__Hram                         ram          0000
__Hreset_vec                   reset_vec    0000
__Hsfr0                        sfr0         0000
__Hsfr1                        sfr1         0000
__Hsfr2                        sfr2         0000
__Hsfr3                        sfr3         0000
__Hspace_0                     (abs)        1800
__Hspace_1                     (abs)        00C2
__Hspace_2                     (abs)        0000
__Hspace_3                     (abs)        0000
__Hspace_4                     (abs)        400F
__Hstack                       stack        0000
__Hstrings                     strings      0000
__Htext                        text         0000
__Labs1                        abs1         0000
__Lbank0                       bank0        0000
__Lbank1                       bank1        0000
__Lbank2                       bank2        0000
__Lbank3                       bank3        0000
__LbssBANK1                    bssBANK1     0000
__Lcinit                       cinit        07F2
__Lclrtext                     clrtext      0000
__Lcode                        code         0000
__Lcommon                      common       0000
__Lconfig                      config       0000
__LcstackBANK0                 cstackBANK0  0000
__LcstackBANK1                 cstackBANK1  0000
__LcstackCOMMON                cstackCOMMON 0000
__Leeprom_data                 eeprom_data  0000
__Lend_init                    end_init     0000
__Lfunctab                     functab      0000
__Linit                        init         0000
__Lintentry                    intentry     0000
__Lmaintext                    maintext     0000
__LnvBANK1                     nvBANK1      0000
__Lpowerup                     powerup      0000
__Lram                         ram          0000
__Lreset_vec                   reset_vec    0000
__Lsfr0                        sfr0         0000
__Lsfr1                        sfr1         0000
__Lsfr2                        sfr2         0000
__Lsfr3                        sfr3         0000
__Lspace_0                     (abs)        0000
__Lspace_1                     (abs)        0000
__Lspace_2                     (abs)        0000
__Lspace_3                     (abs)        0000
__Lspace_4                     (abs)        0000
__Lstack                       stack        0000
__Lstrings                     strings      0000
__Ltext                        text         0000
__S0                           (abs)        1800
__S1                           (abs)        00C2
__S2                           (abs)        0000
__S3                           (abs)        0000
__Umul8_16                     text17       1734
__Umul8_16@multiplicand        cstackCOMMON 0070
__Umul8_16@multiplier          cstackCOMMON 0078
__Umul8_16@product             cstackCOMMON 0074
__Umul8_16@word_mpld           cstackCOMMON 0076
___aldiv                       text20       0943
___aldiv@counter               cstackBANK0  0020
___aldiv@dividend              cstackCOMMON 0074
___aldiv@divisor               cstackCOMMON 0070
___aldiv@quotient              cstackBANK0  0022
___aldiv@sign                  cstackBANK0  0021
___fladd                       text8        01F9
___fladd@a                     cstackCOMMON 0074
___fladd@aexp                  cstackCOMMON 0079
___fladd@b                     cstackCOMMON 0070
___fladd@bexp                  cstackCOMMON 007A
___fladd@grs                   cstackCOMMON 007B
___fladd@signs                 cstackCOMMON 0078
___fldiv                       text18       001C
___fldiv@a                     cstackBANK0  003C
___fldiv@aexp                  cstackBANK0  0055
___fldiv@b                     cstackBANK0  0040
___fldiv@bexp                  cstackBANK0  0054
___fldiv@grs                   cstackBANK0  0050
___fldiv@new_exp               cstackBANK0  004E
___fldiv@rem                   cstackBANK0  0049
___fldiv@sign                  cstackBANK0  004D
___flge                        text9        09E0
___flge@ff1                    cstackBANK0  003C
___flge@ff2                    cstackBANK0  0040
___flmul                       text16       0491
___flmul@a                     cstackBANK0  005A
___flmul@aexp                  cstackBANK0  0068
___flmul@b                     cstackBANK0  0056
___flmul@bexp                  cstackBANK0  0069
___flmul@grs                   cstackBANK0  0064
___flmul@prod                  cstackBANK0  006A
___flmul@sign                  cstackBANK0  0063
___flmul@temp                  cstackBANK0  006E
___flsub                       text7        16EB
___flsub@a                     cstackBANK0  0028
___flsub@b                     cstackBANK0  002C
___fltol                       text15       08C7
___fltol@exp1                  cstackBANK0  002B
___fltol@f1                    cstackBANK0  0026
___fltol@sign1                 cstackBANK0  002A
___int_sp                      stack        0000
___latbits                     (abs)        0002
___lwdiv                       text5        0812
___lwdiv@counter               cstackCOMMON 007D
___lwdiv@dividend              cstackCOMMON 0078
___lwdiv@divisor               cstackCOMMON 0076
___lwdiv@quotient              cstackCOMMON 007B
___lwmod                       text4        17C6
___lwmod@counter               cstackCOMMON 0075
___lwmod@dividend              cstackCOMMON 0072
___lwmod@divisor               cstackCOMMON 0070
___sp                          stack        0000
___stackhi                     (abs)        0000
___stacklo                     (abs)        0000
___wmul                        text6        170F
___wmul@multiplicand           cstackCOMMON 0077
___wmul@multiplier             cstackCOMMON 0075
___wmul@product                cstackCOMMON 0079
___xxtofl                      text14       0A84
___xxtofl@arg                  cstackBANK0  0038
___xxtofl@exp                  cstackBANK0  0037
___xxtofl@sign                 cstackBANK0  0036
___xxtofl@val                  cstackBANK0  002E
__end_of_ADC_Init              text22       16CF
__end_of_ADC_Read              text21       178F
__end_of_PWM1_Duty             text13       0C08
__end_of_PWM1_Start            text12       001C
__end_of_PWM2_Duty             text11       0CD0
__end_of_PWM2_Start            text10       0812
__end_of_PWM_Init              text19       17C6
__end_of__Umul8_16             text17       175B
__end_of___aldiv               text20       09E0
__end_of___fladd               text8        0491
__end_of___fldiv               text18       01F9
__end_of___flge                text9        0A84
__end_of___flmul               text16       07F2
__end_of___flsub               text7        170F
__end_of___fltol               text15       0943
__end_of___lwdiv               text5        0856
__end_of___lwmod               text4        1800
__end_of___wmul                text6        1734
__end_of___xxtofl              text14       0B40
__end_of__initialization       cinit        07FC
__end_of__stringtab            strings      0009
__end_of_atualizaDisplay       text3        0DCE
__end_of_controlarSetPoint     text2        08C7
__end_of_controleMaximoMinimo  text1        16EB
__end_of_digito                strings      0013
__end_of_main                  maintext     1000
__initialization               cinit        07F2
__pbssBANK1                    bssBANK1     00B6
__pcstackBANK0                 cstackBANK0  0020
__pcstackBANK1                 cstackBANK1  00A0
__pcstackCOMMON                cstackCOMMON 0070
__pmaintext                    maintext     0DCE
__pnvBANK1                     nvBANK1      00BE
__pstrings                     strings      0003
__ptext1                       text1        16CF
__ptext10                      text10       0807
__ptext11                      text11       0C08
__ptext12                      text12       0013
__ptext13                      text13       0B40
__ptext14                      text14       0A84
__ptext15                      text15       08C7
__ptext16                      text16       0491
__ptext17                      text17       1734
__ptext18                      text18       001C
__ptext19                      text19       178F
__ptext2                       text2        0856
__ptext20                      text20       0943
__ptext21                      text21       175B
__ptext22                      text22       16C6
__ptext3                       text3        0CD0
__ptext4                       text4        17C6
__ptext5                       text5        0812
__ptext6                       text6        170F
__ptext7                       text7        16EB
__ptext8                       text8        01F9
__ptext9                       text9        09E0
__size_of_ADC_Init             (abs)        0000
__size_of_ADC_Read             (abs)        0000
__size_of_PWM1_Duty            (abs)        0000
__size_of_PWM1_Start           (abs)        0000
__size_of_PWM2_Duty            (abs)        0000
__size_of_PWM2_Start           (abs)        0000
__size_of_PWM_Init             (abs)        0000
__size_of__Umul8_16            (abs)        0000
__size_of___aldiv              (abs)        0000
__size_of___fladd              (abs)        0000
__size_of___fldiv              (abs)        0000
__size_of___flge               (abs)        0000
__size_of___flmul              (abs)        0000
__size_of___flsub              (abs)        0000
__size_of___fltol              (abs)        0000
__size_of___lwdiv              (abs)        0000
__size_of___lwmod              (abs)        0000
__size_of___wmul               (abs)        0000
__size_of___xxtofl             (abs)        0000
__size_of_atualizaDisplay      (abs)        0000
__size_of_controlarSetPoint    (abs)        0000
__size_of_controleMaximoMinimo (abs)        0000
__size_of_main                 (abs)        0000
__stringbase                   strings      0008
__stringtab                    strings      0003
_atualizaDisplay               text3        0CD0
_atualizaDisplay$756           cstackBANK0  002E
_atualizaDisplay$757           cstackBANK0  002C
_controlarSetPoint             text2        0856
_controleMaximoMinimo          text1        16CF
_digito                        strings      0009
_main                          maintext     0DCE
_main$758                      cstackBANK1  00AA
atualizaDisplay@centena        cstackBANK0  0026
atualizaDisplay@dezena         cstackBANK0  0028
atualizaDisplay@milhar         cstackBANK0  0024
atualizaDisplay@tempSet        cstackBANK0  0020
atualizaDisplay@unidade        cstackBANK0  002A
btemp                          (abs)        007E
controlarSetPoint@S1Anterior   bssBANK1     00BD
controlarSetPoint@S1Atual      bssBANK1     00BC
controlarSetPoint@S2Anterior   bssBANK1     00BB
controlarSetPoint@S2Atual      bssBANK1     00BA
controlarSetPoint@S3Anterior   bssBANK1     00B9
controlarSetPoint@S3Atual      bssBANK1     00B8
controlarSetPoint@S4Anterior   bssBANK1     00B7
controlarSetPoint@S4Atual      bssBANK1     00B6
controlarSetPoint@setPoint     cstackCOMMON 0070
controleMaximoMinimo@valor     cstackBANK0  002C
end_of_initialization          cinit        07FC
intlevel0                      functab      0000
intlevel1                      functab      0000
intlevel2                      functab      0000
intlevel3                      functab      0000
intlevel4                      functab      0000
intlevel5                      functab      0000
main@cooler                    nvBANK1      00BE
main@setPoint                  cstackBANK1  00B0
main@temperatura               nvBANK1      00C0
main@valorHeater               cstackBANK1  00B2
main@valorSetPoint             cstackBANK1  00AC
reset_vec                      reset_vec    0000
start                          init         0000
start_initialization           cinit        07F2
wtemp0                         (abs)        007E


MODULE INFORMATION

Module		Function		Class		Link	Load	Size
C:/Users/leoba/Downloads/biblioteca/PWM.c
		_PWM1_Start    		CODE           	0013	0000	9
		_PWM2_Start    		CODE           	0807	0000	11
		_PWM1_Duty     		CODE           	0B40	0000	200
		_PWM2_Duty     		CODE           	0C08	0000	200
		_PWM_Init      		CODE           	178F	0000	55

C:/Users/leoba/Downloads/biblioteca/PWM.c estimated size: 475

C:\Program Files\Microchip\xc8\v2.32\pic\sources\c90\common\sprcadd.c
		___flsub       		CODE           	16EB	0000	36
		___fladd       		CODE           	01F9	0000	664

C:\Program Files\Microchip\xc8\v2.32\pic\sources\c90\common\sprcadd.c estimated size: 700

C:\Program Files\Microchip\xc8\v2.32\pic\sources\c90\common\flge.c
		___flge        		CODE           	09E0	0000	164

C:\Program Files\Microchip\xc8\v2.32\pic\sources\c90\common\flge.c estimated size: 164

C:\Program Files\Microchip\xc8\v2.32\pic\sources\c90\common\xxtofl.c
		___xxtofl      		CODE           	0A84	0000	188

C:\Program Files\Microchip\xc8\v2.32\pic\sources\c90\common\xxtofl.c estimated size: 188

C:\Program Files\Microchip\xc8\v2.32\pic\sources\c90\common\Umul8_16.c
		__Umul8_16     		CODE           	1734	0000	39

C:\Program Files\Microchip\xc8\v2.32\pic\sources\c90\common\Umul8_16.c estimated size: 39

C:\Program Files\Microchip\xc8\v2.32\pic\sources\c90\common\lwmod.c
		___lwmod       		CODE           	17C6	0000	58

C:\Program Files\Microchip\xc8\v2.32\pic\sources\c90\common\lwmod.c estimated size: 58

shared
		__stringtab    		STRING         	0003	0000	6
		__initialization		CODE           	07F2	0000	10
		_digito        		STRING         	0009	0000	10

shared estimated size: 26

C:\Program Files\Microchip\xc8\v2.32\pic\sources\c90\common\sprcmul.c
		___flmul       		CODE           	0491	0000	865

C:\Program Files\Microchip\xc8\v2.32\pic\sources\c90\common\sprcmul.c estimated size: 865

C:\Program Files\Microchip\xc8\v2.32\pic\sources\c90\common\sprcdiv.c
		___fldiv       		CODE           	001C	0000	477

C:\Program Files\Microchip\xc8\v2.32\pic\sources\c90\common\sprcdiv.c estimated size: 477

C:\Program Files\Microchip\xc8\v2.32\pic\sources\c90\common\lwdiv.c
		___lwdiv       		CODE           	0812	0000	68

C:\Program Files\Microchip\xc8\v2.32\pic\sources\c90\common\lwdiv.c estimated size: 68

C:\Program Files\Microchip\xc8\v2.32\pic\sources\c90\common\Umul16.c
		___wmul        		CODE           	170F	0000	37

C:\Program Files\Microchip\xc8\v2.32\pic\sources\c90\common\Umul16.c estimated size: 37

C:/Users/leoba/Downloads/biblioteca/adc.c
		_ADC_Read      		CODE           	175B	0000	52
		_ADC_Init      		CODE           	16C6	0000	9

C:/Users/leoba/Downloads/biblioteca/adc.c estimated size: 61

main.c
		_controleMaximoMinimo		CODE           	16CF	0000	28
		_atualizaDisplay		CODE           	0CD0	0000	254
		_main          		CODE           	0DCE	0000	562
		_controlarSetPoint		CODE           	0856	0000	113

main.c estimated size: 957

C:\Program Files\Microchip\xc8\v2.32\pic\sources\c90\common\fltol.c
		___fltol       		CODE           	08C7	0000	124

C:\Program Files\Microchip\xc8\v2.32\pic\sources\c90\common\fltol.c estimated size: 124

C:\Program Files\Microchip\xc8\v2.32\pic\sources\c90\common\aldiv.c
		___aldiv       		CODE           	0943	0000	157

C:\Program Files\Microchip\xc8\v2.32\pic\sources\c90\common\aldiv.c estimated size: 157

